 
****************************************
check_design summary:
Version:     O-2018.06-SP4
Date:        Tue Dec 28 18:34:08 2021
****************************************

                   Name                                            Total
--------------------------------------------------------------------------------
Inputs/Outputs                                                    118
    Unconnected ports (LINT-28)                                   112
    Constant outputs (LINT-52)                                      6
--------------------------------------------------------------------------------

Warning: In design 'Register_Bank_AMBA_WORD32_AMBA_ADDR_WIDTH20', port 'PADDR[19]' is not connected to any nets. (LINT-28)
Warning: In design 'Register_Bank_AMBA_WORD32_AMBA_ADDR_WIDTH20', port 'PADDR[18]' is not connected to any nets. (LINT-28)
Warning: In design 'Register_Bank_AMBA_WORD32_AMBA_ADDR_WIDTH20', port 'PADDR[17]' is not connected to any nets. (LINT-28)
Warning: In design 'Register_Bank_AMBA_WORD32_AMBA_ADDR_WIDTH20', port 'PADDR[16]' is not connected to any nets. (LINT-28)
Warning: In design 'Register_Bank_AMBA_WORD32_AMBA_ADDR_WIDTH20', port 'PADDR[15]' is not connected to any nets. (LINT-28)
Warning: In design 'Register_Bank_AMBA_WORD32_AMBA_ADDR_WIDTH20', port 'PADDR[14]' is not connected to any nets. (LINT-28)
Warning: In design 'Register_Bank_AMBA_WORD32_AMBA_ADDR_WIDTH20', port 'PADDR[13]' is not connected to any nets. (LINT-28)
Warning: In design 'Register_Bank_AMBA_WORD32_AMBA_ADDR_WIDTH20', port 'PADDR[12]' is not connected to any nets. (LINT-28)
Warning: In design 'Register_Bank_AMBA_WORD32_AMBA_ADDR_WIDTH20', port 'PADDR[11]' is not connected to any nets. (LINT-28)
Warning: In design 'Register_Bank_AMBA_WORD32_AMBA_ADDR_WIDTH20', port 'PADDR[10]' is not connected to any nets. (LINT-28)
Warning: In design 'Register_Bank_AMBA_WORD32_AMBA_ADDR_WIDTH20', port 'PADDR[9]' is not connected to any nets. (LINT-28)
Warning: In design 'Register_Bank_AMBA_WORD32_AMBA_ADDR_WIDTH20', port 'PADDR[8]' is not connected to any nets. (LINT-28)
Warning: In design 'Register_Bank_AMBA_WORD32_AMBA_ADDR_WIDTH20', port 'PADDR[7]' is not connected to any nets. (LINT-28)
Warning: In design 'Register_Bank_AMBA_WORD32_AMBA_ADDR_WIDTH20', port 'PADDR[6]' is not connected to any nets. (LINT-28)
Warning: In design 'Register_Bank_AMBA_WORD32_AMBA_ADDR_WIDTH20', port 'PADDR[5]' is not connected to any nets. (LINT-28)
Warning: In design 'Register_Bank_AMBA_WORD32_AMBA_ADDR_WIDTH20', port 'PADDR[4]' is not connected to any nets. (LINT-28)
Warning: In design 'controller_AMBA_WORD32_DATA_WIDTH32', port 'CTRL[31]' is not connected to any nets. (LINT-28)
Warning: In design 'controller_AMBA_WORD32_DATA_WIDTH32', port 'CTRL[30]' is not connected to any nets. (LINT-28)
Warning: In design 'controller_AMBA_WORD32_DATA_WIDTH32', port 'CTRL[29]' is not connected to any nets. (LINT-28)
Warning: In design 'controller_AMBA_WORD32_DATA_WIDTH32', port 'CTRL[28]' is not connected to any nets. (LINT-28)
Warning: In design 'controller_AMBA_WORD32_DATA_WIDTH32', port 'CTRL[27]' is not connected to any nets. (LINT-28)
Warning: In design 'controller_AMBA_WORD32_DATA_WIDTH32', port 'CTRL[26]' is not connected to any nets. (LINT-28)
Warning: In design 'controller_AMBA_WORD32_DATA_WIDTH32', port 'CTRL[25]' is not connected to any nets. (LINT-28)
Warning: In design 'controller_AMBA_WORD32_DATA_WIDTH32', port 'CTRL[24]' is not connected to any nets. (LINT-28)
Warning: In design 'controller_AMBA_WORD32_DATA_WIDTH32', port 'CTRL[23]' is not connected to any nets. (LINT-28)
Warning: In design 'controller_AMBA_WORD32_DATA_WIDTH32', port 'CTRL[22]' is not connected to any nets. (LINT-28)
Warning: In design 'controller_AMBA_WORD32_DATA_WIDTH32', port 'CTRL[21]' is not connected to any nets. (LINT-28)
Warning: In design 'controller_AMBA_WORD32_DATA_WIDTH32', port 'CTRL[20]' is not connected to any nets. (LINT-28)
Warning: In design 'controller_AMBA_WORD32_DATA_WIDTH32', port 'CTRL[19]' is not connected to any nets. (LINT-28)
Warning: In design 'controller_AMBA_WORD32_DATA_WIDTH32', port 'CTRL[18]' is not connected to any nets. (LINT-28)
Warning: In design 'controller_AMBA_WORD32_DATA_WIDTH32', port 'CTRL[17]' is not connected to any nets. (LINT-28)
Warning: In design 'controller_AMBA_WORD32_DATA_WIDTH32', port 'CTRL[16]' is not connected to any nets. (LINT-28)
Warning: In design 'controller_AMBA_WORD32_DATA_WIDTH32', port 'CTRL[15]' is not connected to any nets. (LINT-28)
Warning: In design 'controller_AMBA_WORD32_DATA_WIDTH32', port 'CTRL[14]' is not connected to any nets. (LINT-28)
Warning: In design 'controller_AMBA_WORD32_DATA_WIDTH32', port 'CTRL[13]' is not connected to any nets. (LINT-28)
Warning: In design 'controller_AMBA_WORD32_DATA_WIDTH32', port 'CTRL[12]' is not connected to any nets. (LINT-28)
Warning: In design 'controller_AMBA_WORD32_DATA_WIDTH32', port 'CTRL[11]' is not connected to any nets. (LINT-28)
Warning: In design 'controller_AMBA_WORD32_DATA_WIDTH32', port 'CTRL[10]' is not connected to any nets. (LINT-28)
Warning: In design 'controller_AMBA_WORD32_DATA_WIDTH32', port 'CTRL[9]' is not connected to any nets. (LINT-28)
Warning: In design 'controller_AMBA_WORD32_DATA_WIDTH32', port 'CTRL[8]' is not connected to any nets. (LINT-28)
Warning: In design 'controller_AMBA_WORD32_DATA_WIDTH32', port 'CTRL[7]' is not connected to any nets. (LINT-28)
Warning: In design 'controller_AMBA_WORD32_DATA_WIDTH32', port 'CTRL[6]' is not connected to any nets. (LINT-28)
Warning: In design 'controller_AMBA_WORD32_DATA_WIDTH32', port 'CTRL[5]' is not connected to any nets. (LINT-28)
Warning: In design 'controller_AMBA_WORD32_DATA_WIDTH32', port 'CTRL[4]' is not connected to any nets. (LINT-28)
Warning: In design 'controller_AMBA_WORD32_DATA_WIDTH32', port 'CTRL[3]' is not connected to any nets. (LINT-28)
Warning: In design 'controller_AMBA_WORD32_DATA_WIDTH32', port 'CTRL[2]' is not connected to any nets. (LINT-28)
Warning: In design 'Encoder_AMBA_WORD32_DATA_WIDTH32', port 'data_in[31]' is not connected to any nets. (LINT-28)
Warning: In design 'Encoder_AMBA_WORD32_DATA_WIDTH32', port 'data_in[30]' is not connected to any nets. (LINT-28)
Warning: In design 'Encoder_AMBA_WORD32_DATA_WIDTH32', port 'data_in[29]' is not connected to any nets. (LINT-28)
Warning: In design 'Encoder_AMBA_WORD32_DATA_WIDTH32', port 'data_in[28]' is not connected to any nets. (LINT-28)
Warning: In design 'Encoder_AMBA_WORD32_DATA_WIDTH32', port 'data_in[27]' is not connected to any nets. (LINT-28)
Warning: In design 'Encoder_AMBA_WORD32_DATA_WIDTH32', port 'data_in[26]' is not connected to any nets. (LINT-28)
Warning: In design 'Encoder_AMBA_WORD32_DATA_WIDTH32', port 'CodeWord_Width[31]' is not connected to any nets. (LINT-28)
Warning: In design 'Encoder_AMBA_WORD32_DATA_WIDTH32', port 'CodeWord_Width[30]' is not connected to any nets. (LINT-28)
Warning: In design 'Encoder_AMBA_WORD32_DATA_WIDTH32', port 'CodeWord_Width[29]' is not connected to any nets. (LINT-28)
Warning: In design 'Encoder_AMBA_WORD32_DATA_WIDTH32', port 'CodeWord_Width[28]' is not connected to any nets. (LINT-28)
Warning: In design 'Encoder_AMBA_WORD32_DATA_WIDTH32', port 'CodeWord_Width[27]' is not connected to any nets. (LINT-28)
Warning: In design 'Encoder_AMBA_WORD32_DATA_WIDTH32', port 'CodeWord_Width[26]' is not connected to any nets. (LINT-28)
Warning: In design 'Encoder_AMBA_WORD32_DATA_WIDTH32', port 'CodeWord_Width[25]' is not connected to any nets. (LINT-28)
Warning: In design 'Encoder_AMBA_WORD32_DATA_WIDTH32', port 'CodeWord_Width[24]' is not connected to any nets. (LINT-28)
Warning: In design 'Encoder_AMBA_WORD32_DATA_WIDTH32', port 'CodeWord_Width[23]' is not connected to any nets. (LINT-28)
Warning: In design 'Encoder_AMBA_WORD32_DATA_WIDTH32', port 'CodeWord_Width[22]' is not connected to any nets. (LINT-28)
Warning: In design 'Encoder_AMBA_WORD32_DATA_WIDTH32', port 'CodeWord_Width[21]' is not connected to any nets. (LINT-28)
Warning: In design 'Encoder_AMBA_WORD32_DATA_WIDTH32', port 'CodeWord_Width[20]' is not connected to any nets. (LINT-28)
Warning: In design 'Encoder_AMBA_WORD32_DATA_WIDTH32', port 'CodeWord_Width[19]' is not connected to any nets. (LINT-28)
Warning: In design 'Encoder_AMBA_WORD32_DATA_WIDTH32', port 'CodeWord_Width[18]' is not connected to any nets. (LINT-28)
Warning: In design 'Encoder_AMBA_WORD32_DATA_WIDTH32', port 'CodeWord_Width[17]' is not connected to any nets. (LINT-28)
Warning: In design 'Encoder_AMBA_WORD32_DATA_WIDTH32', port 'CodeWord_Width[16]' is not connected to any nets. (LINT-28)
Warning: In design 'Encoder_AMBA_WORD32_DATA_WIDTH32', port 'CodeWord_Width[15]' is not connected to any nets. (LINT-28)
Warning: In design 'Encoder_AMBA_WORD32_DATA_WIDTH32', port 'CodeWord_Width[14]' is not connected to any nets. (LINT-28)
Warning: In design 'Encoder_AMBA_WORD32_DATA_WIDTH32', port 'CodeWord_Width[13]' is not connected to any nets. (LINT-28)
Warning: In design 'Encoder_AMBA_WORD32_DATA_WIDTH32', port 'CodeWord_Width[12]' is not connected to any nets. (LINT-28)
Warning: In design 'Encoder_AMBA_WORD32_DATA_WIDTH32', port 'CodeWord_Width[11]' is not connected to any nets. (LINT-28)
Warning: In design 'Encoder_AMBA_WORD32_DATA_WIDTH32', port 'CodeWord_Width[10]' is not connected to any nets. (LINT-28)
Warning: In design 'Encoder_AMBA_WORD32_DATA_WIDTH32', port 'CodeWord_Width[9]' is not connected to any nets. (LINT-28)
Warning: In design 'Encoder_AMBA_WORD32_DATA_WIDTH32', port 'CodeWord_Width[8]' is not connected to any nets. (LINT-28)
Warning: In design 'Encoder_AMBA_WORD32_DATA_WIDTH32', port 'CodeWord_Width[7]' is not connected to any nets. (LINT-28)
Warning: In design 'Encoder_AMBA_WORD32_DATA_WIDTH32', port 'CodeWord_Width[6]' is not connected to any nets. (LINT-28)
Warning: In design 'Encoder_AMBA_WORD32_DATA_WIDTH32', port 'CodeWord_Width[5]' is not connected to any nets. (LINT-28)
Warning: In design 'Encoder_AMBA_WORD32_DATA_WIDTH32', port 'CodeWord_Width[4]' is not connected to any nets. (LINT-28)
Warning: In design 'Encoder_AMBA_WORD32_DATA_WIDTH32', port 'CodeWord_Width[3]' is not connected to any nets. (LINT-28)
Warning: In design 'Encoder_AMBA_WORD32_DATA_WIDTH32', port 'CodeWord_Width[2]' is not connected to any nets. (LINT-28)
Warning: In design 'Decoder_AMBA_WORD32_DATA_WIDTH32', port 'CodeWord_Width[31]' is not connected to any nets. (LINT-28)
Warning: In design 'Decoder_AMBA_WORD32_DATA_WIDTH32', port 'CodeWord_Width[30]' is not connected to any nets. (LINT-28)
Warning: In design 'Decoder_AMBA_WORD32_DATA_WIDTH32', port 'CodeWord_Width[29]' is not connected to any nets. (LINT-28)
Warning: In design 'Decoder_AMBA_WORD32_DATA_WIDTH32', port 'CodeWord_Width[28]' is not connected to any nets. (LINT-28)
Warning: In design 'Decoder_AMBA_WORD32_DATA_WIDTH32', port 'CodeWord_Width[27]' is not connected to any nets. (LINT-28)
Warning: In design 'Decoder_AMBA_WORD32_DATA_WIDTH32', port 'CodeWord_Width[26]' is not connected to any nets. (LINT-28)
Warning: In design 'Decoder_AMBA_WORD32_DATA_WIDTH32', port 'CodeWord_Width[25]' is not connected to any nets. (LINT-28)
Warning: In design 'Decoder_AMBA_WORD32_DATA_WIDTH32', port 'CodeWord_Width[24]' is not connected to any nets. (LINT-28)
Warning: In design 'Decoder_AMBA_WORD32_DATA_WIDTH32', port 'CodeWord_Width[23]' is not connected to any nets. (LINT-28)
Warning: In design 'Decoder_AMBA_WORD32_DATA_WIDTH32', port 'CodeWord_Width[22]' is not connected to any nets. (LINT-28)
Warning: In design 'Decoder_AMBA_WORD32_DATA_WIDTH32', port 'CodeWord_Width[21]' is not connected to any nets. (LINT-28)
Warning: In design 'Decoder_AMBA_WORD32_DATA_WIDTH32', port 'CodeWord_Width[20]' is not connected to any nets. (LINT-28)
Warning: In design 'Decoder_AMBA_WORD32_DATA_WIDTH32', port 'CodeWord_Width[19]' is not connected to any nets. (LINT-28)
Warning: In design 'Decoder_AMBA_WORD32_DATA_WIDTH32', port 'CodeWord_Width[18]' is not connected to any nets. (LINT-28)
Warning: In design 'Decoder_AMBA_WORD32_DATA_WIDTH32', port 'CodeWord_Width[17]' is not connected to any nets. (LINT-28)
Warning: In design 'Decoder_AMBA_WORD32_DATA_WIDTH32', port 'CodeWord_Width[16]' is not connected to any nets. (LINT-28)
Warning: In design 'Decoder_AMBA_WORD32_DATA_WIDTH32', port 'CodeWord_Width[15]' is not connected to any nets. (LINT-28)
Warning: In design 'Decoder_AMBA_WORD32_DATA_WIDTH32', port 'CodeWord_Width[14]' is not connected to any nets. (LINT-28)
Warning: In design 'Decoder_AMBA_WORD32_DATA_WIDTH32', port 'CodeWord_Width[13]' is not connected to any nets. (LINT-28)
Warning: In design 'Decoder_AMBA_WORD32_DATA_WIDTH32', port 'CodeWord_Width[12]' is not connected to any nets. (LINT-28)
Warning: In design 'Decoder_AMBA_WORD32_DATA_WIDTH32', port 'CodeWord_Width[11]' is not connected to any nets. (LINT-28)
Warning: In design 'Decoder_AMBA_WORD32_DATA_WIDTH32', port 'CodeWord_Width[10]' is not connected to any nets. (LINT-28)
Warning: In design 'Decoder_AMBA_WORD32_DATA_WIDTH32', port 'CodeWord_Width[9]' is not connected to any nets. (LINT-28)
Warning: In design 'Decoder_AMBA_WORD32_DATA_WIDTH32', port 'CodeWord_Width[8]' is not connected to any nets. (LINT-28)
Warning: In design 'Decoder_AMBA_WORD32_DATA_WIDTH32', port 'CodeWord_Width[7]' is not connected to any nets. (LINT-28)
Warning: In design 'Decoder_AMBA_WORD32_DATA_WIDTH32', port 'CodeWord_Width[6]' is not connected to any nets. (LINT-28)
Warning: In design 'Decoder_AMBA_WORD32_DATA_WIDTH32', port 'CodeWord_Width[5]' is not connected to any nets. (LINT-28)
Warning: In design 'Decoder_AMBA_WORD32_DATA_WIDTH32', port 'CodeWord_Width[4]' is not connected to any nets. (LINT-28)
Warning: In design 'Decoder_AMBA_WORD32_DATA_WIDTH32', port 'CodeWord_Width[3]' is not connected to any nets. (LINT-28)
Warning: In design 'Decoder_AMBA_WORD32_DATA_WIDTH32', port 'CodeWord_Width[2]' is not connected to any nets. (LINT-28)
Warning: In design 'Decoder_AMBA_WORD32_DATA_WIDTH32', output port 'data_out[31]' is connected directly to 'logic 0'. (LINT-52)
Warning: In design 'Decoder_AMBA_WORD32_DATA_WIDTH32', output port 'data_out[30]' is connected directly to 'logic 0'. (LINT-52)
Warning: In design 'Decoder_AMBA_WORD32_DATA_WIDTH32', output port 'data_out[29]' is connected directly to 'logic 0'. (LINT-52)
Warning: In design 'Decoder_AMBA_WORD32_DATA_WIDTH32', output port 'data_out[28]' is connected directly to 'logic 0'. (LINT-52)
Warning: In design 'Decoder_AMBA_WORD32_DATA_WIDTH32', output port 'data_out[27]' is connected directly to 'logic 0'. (LINT-52)
Warning: In design 'Decoder_AMBA_WORD32_DATA_WIDTH32', output port 'data_out[26]' is connected directly to 'logic 0'. (LINT-52)
1
